  Bank3_corse8.cpp
C:\Users\loaya\Desktop\GitHubLoay\bankproject\clsString.h(43,25): warning C4267: 'return': conversion from 'size_t' to 'short', possible loss of data
  (compiling source file 'Bank3_corse8.cpp')
  
C:\Users\loaya\Desktop\GitHubLoay\bankproject\clsString.h(48,29): warning C4267: 'return': conversion from 'size_t' to 'short', possible loss of data
  (compiling source file 'Bank3_corse8.cpp')
  
C:\Users\loaya\Desktop\GitHubLoay\bankproject\clsString.h(60,30): warning C4267: '=': conversion from 'size_t' to 'short', possible loss of data
  (compiling source file 'Bank3_corse8.cpp')
  
C:\Users\loaya\Desktop\GitHubLoay\bankproject\clsString.h(197,29): warning C4267: 'return': conversion from 'size_t' to 'short', possible loss of data
  (compiling source file 'Bank3_corse8.cpp')
  
C:\Users\loaya\Desktop\GitHubLoay\bankproject\clsString.h(328,30): warning C4267: '=': conversion from 'size_t' to 'short', possible loss of data
  (compiling source file 'Bank3_corse8.cpp')
  
C:\Users\loaya\Desktop\GitHubLoay\bankproject\clsString.h(376,22): warning C4267: 'initializing': conversion from 'size_t' to 'short', possible loss of data
  (compiling source file 'Bank3_corse8.cpp')
  
C:\Users\loaya\Desktop\GitHubLoay\bankproject\clsInputValidate.h(101,16): warning C4244: 'initializing': conversion from 'double' to 'float', possible loss of data
  (compiling source file 'Bank3_corse8.cpp')
  
C:\Users\loaya\Desktop\GitHubLoay\bankproject\clsInputValidate.h(105,26): warning C4244: '=': conversion from 'double' to 'float', possible loss of data
  (compiling source file 'Bank3_corse8.cpp')
  
C:\Users\loaya\Desktop\GitHubLoay\bankproject\clsUtil.h(24,20): warning C4267: '=': conversion from 'size_t' to 'short', possible loss of data
  (compiling source file 'Bank3_corse8.cpp')
  
C:\Users\loaya\Desktop\GitHubLoay\bankproject\clsBankClient.h(298,1): warning C4715: 'clsBankClient::Save': not all control paths return a value
  Bank3_corse8.vcxproj -> C:\Users\loaya\Desktop\GitHubLoay\bankproject\x64\Debug\Bank3_corse8.exe
